// Vitest Snapshot v1, https://vitest.dev/guide/snapshot.html

exports[`BASELINE: Integration Contracts > Device Types Contract > documents all supported device types > device-types 1`] = `
[
  "tetrode_12.5",
  "A1x32-6mm-50-177-H32_21mm",
  "128c-4s8mm6cm-20um-40um-sl",
  "128c-4s8mm6cm-15um-26um-sl",
  "128c-4s6mm6cm-20um-40um-sl",
  "128c-4s6mm6cm-15um-26um-sl",
  "128c-4s4mm6cm-20um-40um-sl",
  "128c-4s4mm6cm-15um-26um-sl",
  "32c-2s8mm6cm-20um-40um-dl",
  "64c-4s6mm6cm-20um-40um-dl",
  "64c-3s6mm6cm-20um-40um-sl",
  "NET-EBL-128ch-single-shank",
]
`;

exports[`BASELINE: Integration Contracts > Schema Hash > documents current schema version > schema-hash 1`] = `"69b1b958ffd55facdb0bac56f40fcbd83b9638b1f0d4aac825d522e886b7ba65"`;

exports[`BASELINE: Integration Contracts > YAML Generation Contract > documents YAML output format > schema-required-fields 1`] = `
[
  "experimenter_name",
  "lab",
  "institution",
  "data_acq_device",
  "times_period_multiplier",
  "raw_data_to_volts",
]
`;
